###############################################################################
#
# IAR ELF Linker V8.30.1.114/W32 for ARM                  14/Jul/2020  09:17:24
# Copyright 2007-2018 IAR Systems AB.
#
#    Output file  =  
#        C:\Users\valdis\CLionProjects\Wired_mouse_prototype\EWARM\Wired_mouse_prototype\Exe\Wired_mouse_prototype.out
#    Map file     =  
#        C:\Users\valdis\CLionProjects\Wired_mouse_prototype\EWARM\Wired_mouse_prototype\List\Wired_mouse_prototype.map
#    Command line =  
#        -f C:\Users\valdis\AppData\Local\Temp\EWA4E2.tmp
#        (C:\Users\valdis\CLionProjects\Wired_mouse_prototype\EWARM\Wired_mouse_prototype\Obj\cmsis_os.o
#        C:\Users\valdis\CLionProjects\Wired_mouse_prototype\EWARM\Wired_mouse_prototype\Obj\croutine.o
#        C:\Users\valdis\CLionProjects\Wired_mouse_prototype\EWARM\Wired_mouse_prototype\Obj\event_groups.o
#        C:\Users\valdis\CLionProjects\Wired_mouse_prototype\EWARM\Wired_mouse_prototype\Obj\freertos.o
#        C:\Users\valdis\CLionProjects\Wired_mouse_prototype\EWARM\Wired_mouse_prototype\Obj\heap_4.o
#        C:\Users\valdis\CLionProjects\Wired_mouse_prototype\EWARM\Wired_mouse_prototype\Obj\list.o
#        C:\Users\valdis\CLionProjects\Wired_mouse_prototype\EWARM\Wired_mouse_prototype\Obj\main.o
#        C:\Users\valdis\CLionProjects\Wired_mouse_prototype\EWARM\Wired_mouse_prototype\Obj\port.o
#        C:\Users\valdis\CLionProjects\Wired_mouse_prototype\EWARM\Wired_mouse_prototype\Obj\portasm.o
#        C:\Users\valdis\CLionProjects\Wired_mouse_prototype\EWARM\Wired_mouse_prototype\Obj\queue.o
#        C:\Users\valdis\CLionProjects\Wired_mouse_prototype\EWARM\Wired_mouse_prototype\Obj\startup_stm32f429xx.o
#        C:\Users\valdis\CLionProjects\Wired_mouse_prototype\EWARM\Wired_mouse_prototype\Obj\stm32f4xx_hal.o
#        C:\Users\valdis\CLionProjects\Wired_mouse_prototype\EWARM\Wired_mouse_prototype\Obj\stm32f4xx_hal_cortex.o
#        C:\Users\valdis\CLionProjects\Wired_mouse_prototype\EWARM\Wired_mouse_prototype\Obj\stm32f4xx_hal_crc.o
#        C:\Users\valdis\CLionProjects\Wired_mouse_prototype\EWARM\Wired_mouse_prototype\Obj\stm32f4xx_hal_dma.o
#        C:\Users\valdis\CLionProjects\Wired_mouse_prototype\EWARM\Wired_mouse_prototype\Obj\stm32f4xx_hal_dma2d.o
#        C:\Users\valdis\CLionProjects\Wired_mouse_prototype\EWARM\Wired_mouse_prototype\Obj\stm32f4xx_hal_dma_ex.o
#        C:\Users\valdis\CLionProjects\Wired_mouse_prototype\EWARM\Wired_mouse_prototype\Obj\stm32f4xx_hal_dsi.o
#        C:\Users\valdis\CLionProjects\Wired_mouse_prototype\EWARM\Wired_mouse_prototype\Obj\stm32f4xx_hal_exti.o
#        C:\Users\valdis\CLionProjects\Wired_mouse_prototype\EWARM\Wired_mouse_prototype\Obj\stm32f4xx_hal_flash.o
#        C:\Users\valdis\CLionProjects\Wired_mouse_prototype\EWARM\Wired_mouse_prototype\Obj\stm32f4xx_hal_flash_ex.o
#        C:\Users\valdis\CLionProjects\Wired_mouse_prototype\EWARM\Wired_mouse_prototype\Obj\stm32f4xx_hal_flash_ramfunc.o
#        C:\Users\valdis\CLionProjects\Wired_mouse_prototype\EWARM\Wired_mouse_prototype\Obj\stm32f4xx_hal_gpio.o
#        C:\Users\valdis\CLionProjects\Wired_mouse_prototype\EWARM\Wired_mouse_prototype\Obj\stm32f4xx_hal_i2c.o
#        C:\Users\valdis\CLionProjects\Wired_mouse_prototype\EWARM\Wired_mouse_prototype\Obj\stm32f4xx_hal_i2c_ex.o
#        C:\Users\valdis\CLionProjects\Wired_mouse_prototype\EWARM\Wired_mouse_prototype\Obj\stm32f4xx_hal_ltdc.o
#        C:\Users\valdis\CLionProjects\Wired_mouse_prototype\EWARM\Wired_mouse_prototype\Obj\stm32f4xx_hal_ltdc_ex.o
#        C:\Users\valdis\CLionProjects\Wired_mouse_prototype\EWARM\Wired_mouse_prototype\Obj\stm32f4xx_hal_msp.o
#        C:\Users\valdis\CLionProjects\Wired_mouse_prototype\EWARM\Wired_mouse_prototype\Obj\stm32f4xx_hal_pcd.o
#        C:\Users\valdis\CLionProjects\Wired_mouse_prototype\EWARM\Wired_mouse_prototype\Obj\stm32f4xx_hal_pcd_ex.o
#        C:\Users\valdis\CLionProjects\Wired_mouse_prototype\EWARM\Wired_mouse_prototype\Obj\stm32f4xx_hal_pwr.o
#        C:\Users\valdis\CLionProjects\Wired_mouse_prototype\EWARM\Wired_mouse_prototype\Obj\stm32f4xx_hal_pwr_ex.o
#        C:\Users\valdis\CLionProjects\Wired_mouse_prototype\EWARM\Wired_mouse_prototype\Obj\stm32f4xx_hal_rcc.o
#        C:\Users\valdis\CLionProjects\Wired_mouse_prototype\EWARM\Wired_mouse_prototype\Obj\stm32f4xx_hal_rcc_ex.o
#        C:\Users\valdis\CLionProjects\Wired_mouse_prototype\EWARM\Wired_mouse_prototype\Obj\stm32f4xx_hal_sdram.o
#        C:\Users\valdis\CLionProjects\Wired_mouse_prototype\EWARM\Wired_mouse_prototype\Obj\stm32f4xx_hal_spi.o
#        C:\Users\valdis\CLionProjects\Wired_mouse_prototype\EWARM\Wired_mouse_prototype\Obj\stm32f4xx_hal_tim.o
#        C:\Users\valdis\CLionProjects\Wired_mouse_prototype\EWARM\Wired_mouse_prototype\Obj\stm32f4xx_hal_tim_ex.o
#        C:\Users\valdis\CLionProjects\Wired_mouse_prototype\EWARM\Wired_mouse_prototype\Obj\stm32f4xx_hal_timebase_tim.o
#        C:\Users\valdis\CLionProjects\Wired_mouse_prototype\EWARM\Wired_mouse_prototype\Obj\stm32f4xx_hal_uart.o
#        C:\Users\valdis\CLionProjects\Wired_mouse_prototype\EWARM\Wired_mouse_prototype\Obj\stm32f4xx_it.o
#        C:\Users\valdis\CLionProjects\Wired_mouse_prototype\EWARM\Wired_mouse_prototype\Obj\stm32f4xx_ll_fmc.o
#        C:\Users\valdis\CLionProjects\Wired_mouse_prototype\EWARM\Wired_mouse_prototype\Obj\stm32f4xx_ll_usb.o
#        C:\Users\valdis\CLionProjects\Wired_mouse_prototype\EWARM\Wired_mouse_prototype\Obj\stream_buffer.o
#        C:\Users\valdis\CLionProjects\Wired_mouse_prototype\EWARM\Wired_mouse_prototype\Obj\system_stm32f4xx.o
#        C:\Users\valdis\CLionProjects\Wired_mouse_prototype\EWARM\Wired_mouse_prototype\Obj\tasks.o
#        C:\Users\valdis\CLionProjects\Wired_mouse_prototype\EWARM\Wired_mouse_prototype\Obj\timers.o
#        C:\Users\valdis\CLionProjects\Wired_mouse_prototype\EWARM\Wired_mouse_prototype\Obj\usb_device.o
#        C:\Users\valdis\CLionProjects\Wired_mouse_prototype\EWARM\Wired_mouse_prototype\Obj\usbd_conf.o
#        C:\Users\valdis\CLionProjects\Wired_mouse_prototype\EWARM\Wired_mouse_prototype\Obj\usbd_core.o
#        C:\Users\valdis\CLionProjects\Wired_mouse_prototype\EWARM\Wired_mouse_prototype\Obj\usbd_ctlreq.o
#        C:\Users\valdis\CLionProjects\Wired_mouse_prototype\EWARM\Wired_mouse_prototype\Obj\usbd_desc.o
#        C:\Users\valdis\CLionProjects\Wired_mouse_prototype\EWARM\Wired_mouse_prototype\Obj\usbd_hid.o
#        C:\Users\valdis\CLionProjects\Wired_mouse_prototype\EWARM\Wired_mouse_prototype\Obj\usbd_ioreq.o
#        --redirect _Printf=_PrintfFull --redirect _Scanf=_ScanfFull
#        --no_out_extension -o
#        C:\Users\valdis\CLionProjects\Wired_mouse_prototype\EWARM\Wired_mouse_prototype\Exe\Wired_mouse_prototype.out
#        --map
#        C:\Users\valdis\CLionProjects\Wired_mouse_prototype\EWARM\Wired_mouse_prototype\List\Wired_mouse_prototype.map
#        --config
#        C:\Users\valdis\CLionProjects\Wired_mouse_prototype\EWARM/stm32f429xx_flash.icf
#        --semihosting --entry __iar_program_start --vfe --text_out locale)
#
###############################################################################

*******************************************************************************
*** RUNTIME MODEL ATTRIBUTES
***

CppFlavor       = *
__Heap_Handler  = DLMalloc
__SystemLibrary = DLib
__dlib_version  = 6


*******************************************************************************
*** HEAP SELECTION
***

The advanced heap was selected because the application calls memory
allocation functions outside of system library functions, and there
are calls to deallocation functions in the application.


*******************************************************************************
*** PLACEMENT SUMMARY
***

"A0":  place at 0x800'0000 { ro section .intvec };
"P1":  place in [from 0x800'0000 to 0x81f'ffff] { ro };
define block CSTACK with size = 1K, alignment = 8 { };
define block HEAP with size = 512, alignment = 8 { };
"P2":  place in [from 0x2000'0000 to 0x2002'ffff] {
          rw, block CSTACK, block HEAP };
initialize by copy { rw };

  Section            Kind         Address    Size  Object
  -------            ----         -------    ----  ------
"A0":                                       0x1ac
  .intvec            ro code   0x800'0000   0x1ac  startup_stm32f429xx.o [1]
                             - 0x800'01ac   0x1ac

"P1":                                      0x6ce8
  .text              ro code   0x800'01ac  0x14e0  dlmalloc.o [2]
  .text              ro code   0x800'168c     0x6  abort.o [2]
  .text              ro code   0x800'1692    0x7a  lz77_init_single.o [4]
  .text              ro code   0x800'170c    0x2c  xgetmemchunk.o [2]
  .text              ro code   0x800'1738    0x14  exit.o [5]
  .text              ro code   0x800'174c   0x8da  stm32f4xx_ll_usb.o [1]
  .text              ro code   0x800'2026    0x3a  zero_init3.o [4]
  .text              ro code   0x800'2060    0x28  stm32f4xx_hal.o [1]
  .text              ro code   0x800'2088     0xc  stm32f4xx_hal.o [1]
  .text              ro code   0x800'2094   0x820  stm32f4xx_hal_pcd.o [1]
  .text              ro code   0x800'28b4   0x27a  usbd_conf.o [1]
  .text              ro code   0x800'2b30    0x86  ABImemcpy.o [4]
  .text              ro code   0x800'2bb6    0x4c  stm32f4xx_hal_pcd_ex.o [1]
  .text              ro code   0x800'2c04   0x1e8  stm32f4xx_hal_rcc.o [1]
  .text              ro code   0x800'2dec     0x6  ABImemclr4.o [4]
  .text              ro code   0x800'2df4   0x204  stm32f4xx_hal_gpio.o [1]
  .text              ro code   0x800'2ff8    0x98  stm32f4xx_hal_cortex.o [1]
  .text              ro code   0x800'3090   0x2a0  usbd_core.o [1]
  .text              ro code   0x800'3330   0x744  main.o [1]
  .text              ro code   0x800'3a74    0x7c  stm32f4xx_hal_timebase_tim.o [1]
  .text              ro code   0x800'3af0   0x230  I64DivMod.o [4]
  .text              ro code   0x800'3d20    0x32  ABImemset48.o [4]
  .text              ro code   0x800'3d54   0x4b6  usbd_ctlreq.o [1]
  .text              ro code   0x800'420a    0x4c  usbd_ioreq.o [1]
  .text              ro code   0x800'4258    0x34  stm32f4xx_hal.o [1]
  .text              ro code   0x800'428c    0x20  stm32f4xx_hal_crc.o [1]
  .text              ro code   0x800'42ac   0x206  stm32f4xx_hal_dma2d.o [1]
  .text              ro code   0x800'44b4    0x3c  stm32f4xx_hal_sdram.o [1]
  .text              ro code   0x800'44f0   0x150  stm32f4xx_hal_i2c.o [1]
  .text              ro code   0x800'4640    0x7a  stm32f4xx_hal_i2c_ex.o [1]
  .text              ro code   0x800'46bc    0x82  stm32f4xx_hal_spi.o [1]
  .text              ro code   0x800'4740   0x394  stm32f4xx_hal_tim.o [1]
  .text              ro code   0x800'4ad4    0x8c  stm32f4xx_hal_tim_ex.o [1]
  .text              ro code   0x800'4b60   0x15c  stm32f4xx_hal_uart.o [1]
  .text              ro code   0x800'4cbc    0x82  cmsis_os.o [1]
  .text              ro code   0x800'4d40   0x324  stm32f4xx_hal_rcc.o [1]
  .text              ro code   0x800'5064   0x234  stm32f4xx_hal_rcc_ex.o [1]
  .text              ro code   0x800'5298   0x2f4  stm32f4xx_hal_ltdc.o [1]
  .text              ro code   0x800'558c    0x68  DblToFlt.o [3]
  .text              ro code   0x800'55f4   0x1a2  DblMul.o [3]
  .text              ro code   0x800'5798    0x22  S32ToDbl.o [3]
  .text              ro code   0x800'57bc    0x40  usb_device.o [1]
  .text              ro code   0x800'57fc    0x10  stm32f4xx_hal.o [1]
  .text              ro code   0x800'580c     0x2  I64DivZer.o [4]
  .text              ro code   0x800'5810   0x530  stm32f4xx_hal_msp.o [1]
  .text              ro code   0x800'5d40     0x2  stm32f4xx_hal_dma2d.o [1]
  .text              ro code   0x800'5d42     0x2  stm32f4xx_hal_dma2d.o [1]
  .text              ro code   0x800'5d44    0xf8  stm32f4xx_ll_fmc.o [1]
  .text              ro code   0x800'5e3c     0x2  stm32f4xx_hal_tim.o [1]
  .text              ro code   0x800'5e3e     0x2  stm32f4xx_hal_tim.o [1]
  .text              ro code   0x800'5e40     0x2  stm32f4xx_hal_tim_ex.o [1]
  .text              ro code   0x800'5e42     0x2  stm32f4xx_hal_tim.o [1]
  .text              ro code   0x800'5e44     0x2  stm32f4xx_hal_tim_ex.o [1]
  .text              ro code   0x800'5e46     0x2  stm32f4xx_hal_tim.o [1]
  .text              ro code   0x800'5e48   0x58c  tasks.o [1]
  .text              ro code   0x800'63d4     0x2  stm32f4xx_hal_ltdc.o [1]
  .text              ro code   0x800'63d6     0x2  stm32f4xx_hal_ltdc.o [1]
  .text              ro code   0x800'63d8     0x2  stm32f4xx_hal_ltdc.o [1]
  .text              ro code   0x800'63dc   0x1b4  heap_4.o [1]
  .text              ro code   0x800'6590    0x92  list.o [1]
  .text              ro code   0x800'6624   0x1b8  port.o [1]
  .text              ro code   0x800'67dc    0x14  freertos.o [1]
  CODE               ro code   0x800'67f0    0xb0  portasm.o [1]
  .text              ro code   0x800'68a0   0x160  usbd_hid.o [1]
  .text              ro code   0x800'6a00     0x4  heaptramp0.o [2]
  .text              ro code   0x800'6a04   0x100  usbd_desc.o [1]
  .text              ro code   0x800'6b04    0x50  stm32f4xx_it.o [1]
  .text              ro code   0x800'6b54    0x2c  system_stm32f4xx.o [1]
  .text              ro code   0x800'6b80    0x28  data_init.o [4]
  .text              ro code   0x800'6ba8    0x22  fpinit_M.o [3]
  .iar.init_table    const     0x800'6bcc    0x20  - Linker created -
  .text              ro code   0x800'6bec    0x1e  cmain.o [4]
  .text              ro code   0x800'6c0a     0x4  low_level_init.o [2]
  .text              ro code   0x800'6c0e     0x4  exit.o [2]
  .text              ro code   0x800'6c14     0xa  cexit.o [4]
  .rodata            const     0x800'6c20    0x18  main.o [1]
  .text              ro code   0x800'6c38    0x10  startup_stm32f429xx.o [1]
  .text              ro code   0x800'6c48     0xc  cstartup_M.o [4]
  .rodata            const     0x800'6c54     0x8  system_stm32f4xx.o [1]
  .text              ro code   0x800'6c5c     0x4  startup_stm32f429xx.o [1]
  .text              ro code   0x800'6c60     0x4  startup_stm32f429xx.o [1]
  .text              ro code   0x800'6c64     0x4  startup_stm32f429xx.o [1]
  .text              ro code   0x800'6c68     0x4  startup_stm32f429xx.o [1]
  .text              ro code   0x800'6c6c     0x4  startup_stm32f429xx.o [1]
  .text              ro code   0x800'6c70     0x4  startup_stm32f429xx.o [1]
  .text              ro code   0x800'6c74     0x4  startup_stm32f429xx.o [1]
  .text              ro code   0x800'6c78     0x4  startup_stm32f429xx.o [1]
  .text              ro code   0x800'6c7c     0x4  startup_stm32f429xx.o [1]
  .text              ro code   0x800'6c80     0x4  startup_stm32f429xx.o [1]
  .text              ro code   0x800'6c84     0x4  startup_stm32f429xx.o [1]
  .text              ro code   0x800'6c88     0x4  startup_stm32f429xx.o [1]
  .text              ro code   0x800'6c8c     0x4  startup_stm32f429xx.o [1]
  .text              ro code   0x800'6c90     0x4  startup_stm32f429xx.o [1]
  .text              ro code   0x800'6c94     0x4  startup_stm32f429xx.o [1]
  .text              ro code   0x800'6c98     0x4  startup_stm32f429xx.o [1]
  .text              ro code   0x800'6c9c     0x4  startup_stm32f429xx.o [1]
  .text              ro code   0x800'6ca0     0x4  startup_stm32f429xx.o [1]
  .text              ro code   0x800'6ca4     0x4  startup_stm32f429xx.o [1]
  .text              ro code   0x800'6ca8     0x4  startup_stm32f429xx.o [1]
  .text              ro code   0x800'6cac     0x4  startup_stm32f429xx.o [1]
  .text              ro code   0x800'6cb0     0x4  startup_stm32f429xx.o [1]
  .text              ro code   0x800'6cb4     0x4  startup_stm32f429xx.o [1]
  .text              ro code   0x800'6cb8     0x4  startup_stm32f429xx.o [1]
  .text              ro code   0x800'6cbc     0x4  startup_stm32f429xx.o [1]
  .text              ro code   0x800'6cc0     0x4  startup_stm32f429xx.o [1]
  .text              ro code   0x800'6cc4     0x4  startup_stm32f429xx.o [1]
  .text              ro code   0x800'6cc8     0x4  startup_stm32f429xx.o [1]
  .text              ro code   0x800'6ccc     0x4  startup_stm32f429xx.o [1]
  .text              ro code   0x800'6cd0     0x4  startup_stm32f429xx.o [1]
  .text              ro code   0x800'6cd4     0x4  startup_stm32f429xx.o [1]
  .text              ro code   0x800'6cd8     0x4  startup_stm32f429xx.o [1]
  .text              ro code   0x800'6cdc     0x4  startup_stm32f429xx.o [1]
  .text              ro code   0x800'6ce0     0x4  startup_stm32f429xx.o [1]
  .text              ro code   0x800'6ce4     0x4  startup_stm32f429xx.o [1]
  .text              ro code   0x800'6ce8     0x4  startup_stm32f429xx.o [1]
  .text              ro code   0x800'6cec     0x4  startup_stm32f429xx.o [1]
  .text              ro code   0x800'6cf0     0x4  startup_stm32f429xx.o [1]
  .text              ro code   0x800'6cf4     0x4  startup_stm32f429xx.o [1]
  .text              ro code   0x800'6cf8     0x4  startup_stm32f429xx.o [1]
  .text              ro code   0x800'6cfc     0x4  startup_stm32f429xx.o [1]
  .text              ro code   0x800'6d00     0x4  startup_stm32f429xx.o [1]
  .text              ro code   0x800'6d04     0x4  startup_stm32f429xx.o [1]
  .text              ro code   0x800'6d08     0x4  startup_stm32f429xx.o [1]
  .text              ro code   0x800'6d0c     0x4  startup_stm32f429xx.o [1]
  .text              ro code   0x800'6d10     0x4  startup_stm32f429xx.o [1]
  .text              ro code   0x800'6d14     0x4  startup_stm32f429xx.o [1]
  .text              ro code   0x800'6d18     0x4  startup_stm32f429xx.o [1]
  .text              ro code   0x800'6d1c     0x4  startup_stm32f429xx.o [1]
  .text              ro code   0x800'6d20     0x4  startup_stm32f429xx.o [1]
  .text              ro code   0x800'6d24     0x4  startup_stm32f429xx.o [1]
  .text              ro code   0x800'6d28     0x4  startup_stm32f429xx.o [1]
  .text              ro code   0x800'6d2c     0x4  startup_stm32f429xx.o [1]
  .text              ro code   0x800'6d30     0x4  startup_stm32f429xx.o [1]
  .text              ro code   0x800'6d34     0x4  startup_stm32f429xx.o [1]
  .text              ro code   0x800'6d38     0x4  startup_stm32f429xx.o [1]
  .text              ro code   0x800'6d3c     0x4  startup_stm32f429xx.o [1]
  .text              ro code   0x800'6d40     0x4  startup_stm32f429xx.o [1]
  .text              ro code   0x800'6d44     0x4  startup_stm32f429xx.o [1]
  .text              ro code   0x800'6d48     0x4  startup_stm32f429xx.o [1]
  .text              ro code   0x800'6d4c     0x4  startup_stm32f429xx.o [1]
  .text              ro code   0x800'6d50     0x4  startup_stm32f429xx.o [1]
  .text              ro code   0x800'6d54     0x4  startup_stm32f429xx.o [1]
  .text              ro code   0x800'6d58     0x4  startup_stm32f429xx.o [1]
  .text              ro code   0x800'6d5c     0x4  startup_stm32f429xx.o [1]
  .text              ro code   0x800'6d60     0x4  startup_stm32f429xx.o [1]
  .text              ro code   0x800'6d64     0x4  startup_stm32f429xx.o [1]
  .text              ro code   0x800'6d68     0x4  startup_stm32f429xx.o [1]
  .text              ro code   0x800'6d6c     0x4  startup_stm32f429xx.o [1]
  .text              ro code   0x800'6d70     0x4  startup_stm32f429xx.o [1]
  .text              ro code   0x800'6d74     0x4  startup_stm32f429xx.o [1]
  .text              ro code   0x800'6d78     0x4  startup_stm32f429xx.o [1]
  .text              ro code   0x800'6d7c     0x4  startup_stm32f429xx.o [1]
  .text              ro code   0x800'6d80     0x4  startup_stm32f429xx.o [1]
  .text              ro code   0x800'6d84     0x4  startup_stm32f429xx.o [1]
  .text              ro code   0x800'6d88     0x4  startup_stm32f429xx.o [1]
  .text              ro code   0x800'6d8c     0x4  startup_stm32f429xx.o [1]
  .text              ro code   0x800'6d90     0x4  startup_stm32f429xx.o [1]
  .text              ro code   0x800'6d94     0x4  startup_stm32f429xx.o [1]
  .text              ro code   0x800'6d98     0x4  startup_stm32f429xx.o [1]
  .text              ro code   0x800'6d9c     0x4  startup_stm32f429xx.o [1]
  .text              ro code   0x800'6da0     0x4  startup_stm32f429xx.o [1]
  .text              ro code   0x800'6da4     0x4  startup_stm32f429xx.o [1]
  .rodata            const     0x800'6da8     0x0  zero_init3.o [4]
  .rodata            const     0x800'6da8     0x0  lz77_init_single.o [4]
  Initializer bytes  const     0x800'6da8    0xec  <for P2-1>
                             - 0x800'6e94  0x6ce8

"P2", part 1 of 3:                          0x174
  P2-1                        0x2000'0000   0x174  <Init block>
    .data            inited   0x2000'0000     0xc  port.o [1]
    .data            inited   0x2000'000c     0xc  stm32f4xx_hal.o [1]
    .data            inited   0x2000'0018     0x4  system_stm32f4xx.o [1]
    .data            inited   0x2000'001c    0x1c  usbd_desc.o [1]
    .data            inited   0x2000'0038    0x14  usbd_desc.o [1]
    .data            inited   0x2000'004c     0x4  usbd_desc.o [1]
    .data            inited   0x2000'0050    0x1c  usbd_desc.o [1]
    .data            inited   0x2000'006c    0x38  usbd_hid.o [1]
    .data            inited   0x2000'00a4    0x24  usbd_hid.o [1]
    .data            inited   0x2000'00c8    0x24  usbd_hid.o [1]
    .data            inited   0x2000'00ec    0x24  usbd_hid.o [1]
    .data            inited   0x2000'0110    0x58  usbd_hid.o [1]
    .data            inited   0x2000'0168     0xc  usbd_hid.o [1]
                            - 0x2000'0174   0x174

"P2", part 2 of 3:                         0x4d80
  .bss               zero     0x2000'0174  0x3c18  heap_4.o [1]
  .bss               zero     0x2000'3d8c   0x408  usbd_conf.o [1]
  .bss               zero     0x2000'4194   0x2d0  usb_device.o [1]
  .bss               zero     0x2000'4464   0x254  freertos.o [1]
  .bss               zero     0x2000'46b8   0x200  usbd_desc.o [1]
  .bss               zero     0x2000'48b8   0x1ec  main.o [1]
  .bss               zero     0x2000'4aa4   0x1d8  dlmalloc.o [2]
  .bss               zero     0x2000'4c7c    0xa8  main.o [1]
  .bss               zero     0x2000'4d24    0x9c  tasks.o [1]
  .bss               zero     0x2000'4dc0    0x8c  tasks.o [1]
  .bss               zero     0x2000'4e4c    0x44  main.o [1]
  .bss               zero     0x2000'4e90    0x40  stm32f4xx_hal_timebase_tim.o [1]
  .bss               zero     0x2000'4ed0    0x18  dlmalloc.o [2]
  .bss               zero     0x2000'4ee8     0x4  stm32f4xx_hal_msp.o [1]
  .bss               zero     0x2000'4eec     0x4  xgetmemchunk.o [2]
  .bss               zero     0x2000'4ef0     0x1  usbd_ctlreq.o [1]
                            - 0x2000'4ef1  0x4d7d

"P2", part 3 of 3:                          0x600
  CSTACK                      0x2000'4ef8   0x400  <Block>
    CSTACK           uninit   0x2000'4ef8   0x400  <Block tail>
  HEAP                        0x2000'52f8   0x200  <Block>
    HEAP             uninit   0x2000'52f8   0x200  <Block tail>
                            - 0x2000'54f8   0x600

Unused ranges:

         From           To       Size
         ----           --       ----
   0x800'6e94   0x81f'ffff  0x1f'916c
  0x2000'4ef4  0x2000'4ef7        0x4
  0x2000'54f8  0x2002'ffff   0x2'ab08


*******************************************************************************
*** INIT TABLE
***

          Address      Size
          -------      ----
Zero (__iar_zero_init3)
    1 destination range, total size 0x4d7d:
          0x2000'0174  0x4d7d

Copy/lz77 (__iar_lz77_init_single3)
    1 source range, total size 0xec (63% of destination):
           0x800'6da8    0xec
    1 destination range, total size 0x174:
          0x2000'0000   0x174



*******************************************************************************
*** MODULE SUMMARY
***

    Module                        ro code  ro data  rw data
    ------                        -------  -------  -------
command line/config:
    -------------------------------------------------------
    Total:

C:\Users\valdis\CLionProjects\Wired_mouse_prototype\EWARM\Wired_mouse_prototype\Obj: [1]
    cmsis_os.o                        130
    freertos.o                         20               596
    heap_4.o                          436            15 384
    list.o                            146
    main.o                          1 860       24      728
    port.o                            440        7       12
    portasm.o                         176
    startup_stm32f429xx.o             776
    stm32f4xx_hal.o                   120        8       12
    stm32f4xx_hal_cortex.o            152
    stm32f4xx_hal_crc.o                32
    stm32f4xx_hal_dma2d.o             522
    stm32f4xx_hal_gpio.o              516
    stm32f4xx_hal_i2c.o               336
    stm32f4xx_hal_i2c_ex.o            122
    stm32f4xx_hal_ltdc.o              762
    stm32f4xx_hal_msp.o             1 328                 4
    stm32f4xx_hal_pcd.o             2 080
    stm32f4xx_hal_pcd_ex.o             76
    stm32f4xx_hal_rcc.o             1 292
    stm32f4xx_hal_rcc_ex.o            564
    stm32f4xx_hal_sdram.o              60
    stm32f4xx_hal_spi.o               130
    stm32f4xx_hal_tim.o               924
    stm32f4xx_hal_tim_ex.o            144
    stm32f4xx_hal_timebase_tim.o      124                64
    stm32f4xx_hal_uart.o              348
    stm32f4xx_it.o                     80
    stm32f4xx_ll_fmc.o                248
    stm32f4xx_ll_usb.o              2 266
    system_stm32f4xx.o                 44       10        4
    tasks.o                         1 420               296
    usb_device.o                       64               720
    usbd_conf.o                       634             1 032
    usbd_core.o                       672
    usbd_ctlreq.o                   1 206                 1
    usbd_desc.o                       256       51      592
    usbd_hid.o                        352      168      264
    usbd_ioreq.o                       76
    -------------------------------------------------------
    Total:                         20 934      268   19 709

dl7M_tlf.a: [2]
    abort.o                             6
    dlmalloc.o                      5 344               496
    exit.o                              4
    heaptramp0.o                        4
    low_level_init.o                    4
    xgetmemchunk.o                     44                 4
    -------------------------------------------------------
    Total:                          5 406               500

m7M_tls.a: [3]
    DblMul.o                          418
    DblToFlt.o                        104
    S32ToDbl.o                         34
    fpinit_M.o                         34
    -------------------------------------------------------
    Total:                            590

rt7M_tl.a: [4]
    ABImemclr4.o                        6
    ABImemcpy.o                       134
    ABImemset48.o                      50
    I64DivMod.o                       560
    I64DivZer.o                         2
    cexit.o                            10
    cmain.o                            30
    cstartup_M.o                       12
    data_init.o                        40
    lz77_init_single.o                122
    zero_init3.o                       58
    -------------------------------------------------------
    Total:                          1 024

shb_l.a: [5]
    exit.o                             20
    -------------------------------------------------------
    Total:                             20

    Gaps                               30        4
    Linker created                              32    1 536
-----------------------------------------------------------
    Grand Total:                   28 004      304   21 745


*******************************************************************************
*** ENTRY LIST
***

Entry                       Address    Size  Type      Object
-----                       -------    ----  ----      ------
.iar.init_table$$Base    0x800'6bcc           --   Gb  - Linker created -
.iar.init_table$$Limit   0x800'6bec           --   Gb  - Linker created -
?main                    0x800'6bed          Code  Gb  cmain.o [4]
AHBPrescTable            0x800'6b70    0x10  Data  Gb  system_stm32f4xx.o [1]
APBPrescTable            0x800'6c54     0x8  Data  Gb  system_stm32f4xx.o [1]
BusFault_Handler         0x800'6b0b     0x2  Code  Gb  stm32f4xx_it.o [1]
CSTACK$$Base            0x2000'4ef8           --   Gb  - Linker created -
CSTACK$$Limit           0x2000'52f8           --   Gb  - Linker created -
DMA2D_IRQHandler         0x800'6b39     0x6  Code  Gb  stm32f4xx_it.o [1]
DebugMon_Handler         0x800'6b0f     0x2  Code  Gb  stm32f4xx_it.o [1]
Error_Handler            0x800'3a31     0x2  Code  Gb  main.o [1]
FMC_Initialized         0x2000'4ee8     0x4  Data  Lc  stm32f4xx_hal_msp.o [1]
FMC_SDRAM_Init           0x800'5d45    0x76  Code  Gb  stm32f4xx_ll_fmc.o [1]
FMC_SDRAM_Timing_Init    0x800'5dbb    0x7a  Code  Gb  stm32f4xx_ll_fmc.o [1]
HAL_CRC_Init             0x800'428d    0x20  Code  Gb  stm32f4xx_hal_crc.o [1]
HAL_CRC_MspInit          0x800'584f    0x2a  Code  Gb  stm32f4xx_hal_msp.o [1]
HAL_DMA2D_ConfigLayer    0x800'4413    0x92  Code  Gb  stm32f4xx_hal_dma2d.o [1]
HAL_DMA2D_IRQHandler     0x800'4303    0xf2  Code  Gb  stm32f4xx_hal_dma2d.o [1]
HAL_DMA2D_Init           0x800'42ad    0x56  Code  Gb  stm32f4xx_hal_dma2d.o [1]
HAL_DMA2D_MspInit        0x800'5879    0x3a  Code  Gb  stm32f4xx_hal_msp.o [1]
HAL_Delay                0x800'2061    0x28  Code  Wk  stm32f4xx_hal.o [1]
HAL_FMC_MspInit          0x800'5c1d    0x8e  Code  Lc  stm32f4xx_hal_msp.o [1]
HAL_GPIO_Init            0x800'2df5   0x1c6  Code  Gb  stm32f4xx_hal_gpio.o [1]
HAL_GPIO_WritePin        0x800'2fbb     0x8  Code  Gb  stm32f4xx_hal_gpio.o [1]
HAL_GetTick              0x800'2089     0xc  Code  Wk  stm32f4xx_hal.o [1]
HAL_I2CEx_ConfigAnalogFilter
                         0x800'4641    0x30  Code  Gb  stm32f4xx_hal_i2c_ex.o [1]
HAL_I2CEx_ConfigDigitalFilter
                         0x800'4671    0x2e  Code  Gb  stm32f4xx_hal_i2c_ex.o [1]
HAL_I2C_Init             0x800'44f1   0x12c  Code  Gb  stm32f4xx_hal_i2c.o [1]
HAL_I2C_MspInit          0x800'58b3    0xa0  Code  Gb  stm32f4xx_hal_msp.o [1]
HAL_IncTick              0x800'57fd    0x10  Code  Wk  stm32f4xx_hal.o [1]
HAL_Init                 0x800'4259    0x30  Code  Gb  stm32f4xx_hal.o [1]
HAL_InitTick             0x800'3a75    0x6c  Code  Gb  stm32f4xx_hal_timebase_tim.o [1]
HAL_LTDC_ConfigLayer     0x800'5435    0x44  Code  Gb  stm32f4xx_hal_ltdc.o [1]
HAL_LTDC_IRQHandler      0x800'537f    0xa8  Code  Gb  stm32f4xx_hal_ltdc.o [1]
HAL_LTDC_Init            0x800'5299    0xe6  Code  Gb  stm32f4xx_hal_ltdc.o [1]
HAL_LTDC_MspInit         0x800'5953   0x126  Code  Gb  stm32f4xx_hal_msp.o [1]
HAL_MspInit              0x800'5811    0x3e  Code  Gb  stm32f4xx_hal_msp.o [1]
HAL_NVIC_EnableIRQ       0x800'3067    0x16  Code  Gb  stm32f4xx_hal_cortex.o [1]
HAL_NVIC_SetPriority     0x800'302d    0x3a  Code  Gb  stm32f4xx_hal_cortex.o [1]
HAL_NVIC_SetPriorityGrouping
                         0x800'3013    0x1a  Code  Gb  stm32f4xx_hal_cortex.o [1]
HAL_PCDEx_LPM_Callback   0x800'2c01     0x2  Code  Wk  stm32f4xx_hal_pcd_ex.o [1]
HAL_PCDEx_SetRxFiFo      0x800'2bf9     0x8  Code  Gb  stm32f4xx_hal_pcd_ex.o [1]
HAL_PCDEx_SetTxFiFo      0x800'2bb7    0x42  Code  Gb  stm32f4xx_hal_pcd_ex.o [1]
HAL_PCD_ConnectCallback
                         0x800'2a07     0x8  Code  Gb  usbd_conf.o [1]
HAL_PCD_DataInStageCallback
                         0x800'297f    0x12  Code  Gb  usbd_conf.o [1]
HAL_PCD_DataOutStageCallback
                         0x800'296b    0x14  Code  Gb  usbd_conf.o [1]
HAL_PCD_DisconnectCallback
                         0x800'2a0f     0x8  Code  Gb  usbd_conf.o [1]
HAL_PCD_EP_Close         0x800'2609    0x20  Code  Gb  stm32f4xx_hal_pcd.o [1]
HAL_PCD_EP_ClrStall      0x800'26fb    0x2e  Code  Gb  stm32f4xx_hal_pcd.o [1]
HAL_PCD_EP_Open          0x800'25b3    0x56  Code  Gb  stm32f4xx_hal_pcd.o [1]
HAL_PCD_EP_Receive       0x800'2629    0x16  Code  Gb  stm32f4xx_hal_pcd.o [1]
HAL_PCD_EP_SetStall      0x800'268f    0x64  Code  Gb  stm32f4xx_hal_pcd.o [1]
HAL_PCD_EP_Transmit      0x800'263f    0x12  Code  Gb  stm32f4xx_hal_pcd.o [1]
HAL_PCD_IRQHandler       0x800'217d   0x3c6  Code  Gb  stm32f4xx_hal_pcd.o [1]
HAL_PCD_ISOINIncompleteCallback
                         0x800'29ff     0x8  Code  Gb  usbd_conf.o [1]
HAL_PCD_ISOOUTIncompleteCallback
                         0x800'29f7     0x8  Code  Gb  usbd_conf.o [1]
HAL_PCD_Init             0x800'2095    0xb8  Code  Gb  stm32f4xx_hal_pcd.o [1]
HAL_PCD_MspInit          0x800'28b5    0xaa  Code  Gb  usbd_conf.o [1]
HAL_PCD_ResetCallback    0x800'2999    0x2c  Code  Gb  usbd_conf.o [1]
HAL_PCD_ResumeCallback   0x800'29ef     0x8  Code  Gb  usbd_conf.o [1]
HAL_PCD_SOFCallback      0x800'2991     0x8  Code  Gb  usbd_conf.o [1]
HAL_PCD_SetAddress       0x800'2585    0x1c  Code  Gb  stm32f4xx_hal_pcd.o [1]
HAL_PCD_SetupStageCallback
                         0x800'295f     0xc  Code  Gb  usbd_conf.o [1]
HAL_PCD_Start            0x800'2165    0x18  Code  Gb  stm32f4xx_hal_pcd.o [1]
HAL_PCD_SuspendCallback
                         0x800'29c5    0x2a  Code  Gb  usbd_conf.o [1]
HAL_RCCEx_PeriphCLKConfig
                         0x800'5065   0x20a  Code  Gb  stm32f4xx_hal_rcc_ex.o [1]
HAL_RCC_ClockConfig      0x800'2c05   0x100  Code  Gb  stm32f4xx_hal_rcc.o [1]
HAL_RCC_GetClockConfig   0x800'2d3b    0x36  Code  Gb  stm32f4xx_hal_rcc.o [1]
HAL_RCC_GetHCLKFreq      0x800'2d11     0x6  Code  Gb  stm32f4xx_hal_rcc.o [1]
HAL_RCC_GetPCLK1Freq     0x800'2d17    0x10  Code  Gb  stm32f4xx_hal_rcc.o [1]
HAL_RCC_GetPCLK2Freq     0x800'2d27     0xe  Code  Gb  stm32f4xx_hal_rcc.o [1]
HAL_RCC_OscConfig        0x800'4d41   0x324  Code  Wk  stm32f4xx_hal_rcc.o [1]
HAL_SDRAM_Init           0x800'44b5    0x3c  Code  Gb  stm32f4xx_hal_sdram.o [1]
HAL_SDRAM_MspInit        0x800'5cef     0x2  Code  Gb  stm32f4xx_hal_msp.o [1]
HAL_SPI_Init             0x800'46bd    0x76  Code  Gb  stm32f4xx_hal_spi.o [1]
HAL_SPI_MspInit          0x800'5aab    0x62  Code  Gb  stm32f4xx_hal_msp.o [1]
HAL_TIMEx_BreakCallback
                         0x800'5e41     0x2  Code  Wk  stm32f4xx_hal_tim_ex.o [1]
HAL_TIMEx_CommutCallback
                         0x800'5e45     0x2  Code  Wk  stm32f4xx_hal_tim_ex.o [1]
HAL_TIMEx_MasterConfigSynchronization
                         0x800'4ad5    0x6e  Code  Gb  stm32f4xx_hal_tim_ex.o [1]
HAL_TIM_Base_Init        0x800'4741    0x1a  Code  Gb  stm32f4xx_hal_tim.o [1]
HAL_TIM_Base_MspInit     0x800'5b0d    0x26  Code  Gb  stm32f4xx_hal_msp.o [1]
HAL_TIM_Base_Start_IT    0x800'475b    0x20  Code  Gb  stm32f4xx_hal_tim.o [1]
HAL_TIM_ConfigClockSource
                         0x800'48e7    0x90  Code  Gb  stm32f4xx_hal_tim.o [1]
HAL_TIM_IRQHandler       0x800'479f   0x142  Code  Gb  stm32f4xx_hal_tim.o [1]
HAL_TIM_PeriodElapsedCallback
                         0x800'39a1     0xe  Code  Gb  main.o [1]
HAL_UART_Init            0x800'4b61    0x1e  Code  Gb  stm32f4xx_hal_uart.o [1]
HAL_UART_MspInit         0x800'5b33    0xb2  Code  Gb  stm32f4xx_hal_msp.o [1]
HEAP$$Base              0x2000'52f8           --   Gb  - Linker created -
HEAP$$Limit             0x2000'54f8           --   Gb  - Linker created -
HID_MOUSE_ReportDesc    0x2000'011c    0x4c  Data  Lc  usbd_hid.o [1]
HS_Desc                 0x2000'001c    0x1c  Data  Gb  usbd_desc.o [1]
HardFault_Handler        0x800'6b07     0x2  Code  Gb  stm32f4xx_it.o [1]
IntToUnicode             0x800'6a95    0x26  Code  Lc  usbd_desc.o [1]
JY931_data_ready        0x2000'4e58     0x1  Data  Gb  main.o [1]
LTDC_IRQHandler          0x800'6b33     0x6  Code  Gb  stm32f4xx_it.o [1]
LTDC_SetConfig           0x800'5487    0xfa  Code  Lc  stm32f4xx_hal_ltdc.o [1]
MX_GPIO_Init             0x800'3677   0x15c  Code  Lc  main.o [1]
MX_LTDC_Init             0x800'35d7    0xa0  Code  Lc  main.o [1]
MX_USB_DEVICE_Init       0x800'57bd    0x40  Code  Gb  usb_device.o [1]
MemManage_Handler        0x800'6b09     0x2  Code  Gb  stm32f4xx_it.o [1]
NMI_Handler              0x800'6b05     0x2  Code  Gb  stm32f4xx_it.o [1]
OTG_HS_EP1_IN_IRQHandler
                         0x800'6b29     0x2  Code  Gb  stm32f4xx_it.o [1]
OTG_HS_EP1_OUT_IRQHandler
                         0x800'6b25     0x2  Code  Gb  stm32f4xx_it.o [1]
OTG_HS_IRQHandler        0x800'6b31     0x2  Code  Gb  stm32f4xx_it.o [1]
PCD_EP_OutXfrComplete_int
                         0x800'27f9    0xb2  Code  Lc  stm32f4xx_hal_pcd.o [1]
PCD_WriteEmptyTxFifo     0x800'275f    0x9a  Code  Lc  stm32f4xx_hal_pcd.o [1]
PendSV_Handler           0x800'67f1          Code  Gb  portasm.o [1]
Region$$Table$$Base      0x800'6bcc           --   Gb  - Linker created -
Region$$Table$$Limit     0x800'6bec           --   Gb  - Linker created -
SVC_Handler              0x800'6849          Code  Gb  portasm.o [1]
SWAPBYTE                 0x800'3d55     0xa  Code  Lc  usbd_ctlreq.o [1]
StartDefaultTask         0x800'3971    0x26  Code  Gb  main.o [1]
StartJY931Task           0x800'3815   0x116  Code  Gb  main.o [1]
SysTick_Handler          0x800'6761    0x26  Code  Gb  port.o [1]
SystemClock_Config       0x800'3527    0xb0  Code  Gb  main.o [1]
SystemCoreClock         0x2000'0018     0x4  Data  Gb  system_stm32f4xx.o [1]
SystemInit               0x800'6b55    0x14  Code  Gb  system_stm32f4xx.o [1]
TIM6_DAC_IRQHandler      0x800'6b1f     0x6  Code  Gb  stm32f4xx_it.o [1]
TIM_Base_SetConfig       0x800'49a1    0x96  Code  Gb  stm32f4xx_hal_tim.o [1]
TIM_ETR_SetConfig        0x800'4abb    0x14  Code  Gb  stm32f4xx_hal_tim.o [1]
TIM_ITRx_SetConfig       0x800'4aab    0x10  Code  Lc  stm32f4xx_hal_tim.o [1]
TIM_TI1_ConfigInputStage
                         0x800'4a69    0x1e  Code  Lc  stm32f4xx_hal_tim.o [1]
TIM_TI2_ConfigInputStage
                         0x800'4a87    0x24  Code  Lc  stm32f4xx_hal_tim.o [1]
UART5_IRQHandler         0x800'6b11     0xe  Code  Gb  stm32f4xx_it.o [1]
UART_SetConfig           0x800'4bd7    0xca  Code  Lc  stm32f4xx_hal_uart.o [1]
UART_callback            0x800'37ed    0x28  Code  Gb  main.o [1]
UART_callback::i_uart   0x2000'4e59     0x1  Data  Lc  main.o [1]
USBD_ClrClassConfig      0x800'30f7    0x10  Code  Gb  usbd_core.o [1]
USBD_CtlContinueRx       0x800'422b     0x4  Code  Gb  usbd_ioreq.o [1]
USBD_CtlContinueSendData
                         0x800'421b     0x4  Code  Gb  usbd_ioreq.o [1]
USBD_CtlError            0x800'41af    0x16  Code  Gb  usbd_ctlreq.o [1]
USBD_CtlReceiveStatus    0x800'4249     0xe  Code  Gb  usbd_ioreq.o [1]
USBD_CtlSendData         0x800'420b    0x10  Code  Gb  usbd_ioreq.o [1]
USBD_CtlSendStatus       0x800'423b     0xe  Code  Gb  usbd_ioreq.o [1]
USBD_GetDescriptor       0x800'3fc9   0x10a  Code  Lc  usbd_ctlreq.o [1]
USBD_GetString           0x800'41c5    0x46  Code  Gb  usbd_ctlreq.o [1]
USBD_Get_USB_Status      0x800'2b1d    0x12  Code  Gb  usbd_conf.o [1]
USBD_HID                0x2000'006c    0x38  Data  Gb  usbd_hid.o [1]
USBD_HID_CfgFSDesc      0x2000'00a4    0x24  Data  Lc  usbd_hid.o [1]
USBD_HID_CfgHSDesc      0x2000'00c8    0x24  Data  Lc  usbd_hid.o [1]
USBD_HID_DataIn          0x800'69d7     0xc  Code  Lc  usbd_hid.o [1]
USBD_HID_DeInit          0x800'68e3    0x24  Code  Lc  usbd_hid.o [1]
USBD_HID_Desc           0x2000'0110     0xc  Data  Lc  usbd_hid.o [1]
USBD_HID_DeviceQualifierDesc
                        0x2000'0168     0xc  Data  Lc  usbd_hid.o [1]
USBD_HID_GetDeviceQualifierDesc
                         0x800'69e3     0x8  Code  Lc  usbd_hid.o [1]
USBD_HID_GetFSCfgDesc    0x800'69bf     0x8  Code  Lc  usbd_hid.o [1]
USBD_HID_GetHSCfgDesc    0x800'69c7     0x8  Code  Lc  usbd_hid.o [1]
USBD_HID_GetOtherSpeedCfgDesc
                         0x800'69cf     0x8  Code  Lc  usbd_hid.o [1]
USBD_HID_Init            0x800'68a1    0x42  Code  Lc  usbd_hid.o [1]
USBD_HID_OtherSpeedCfgDesc
                        0x2000'00ec    0x24  Data  Lc  usbd_hid.o [1]
USBD_HID_Setup           0x800'6907    0xb8  Code  Lc  usbd_hid.o [1]
USBD_HS_ConfigStrDescriptor
                         0x800'6a61     0xc  Code  Gb  usbd_desc.o [1]
USBD_HS_DeviceDesc      0x2000'0038    0x14  Data  Gb  usbd_desc.o [1]
USBD_HS_DeviceDescriptor
                         0x800'6a05     0x8  Code  Gb  usbd_desc.o [1]
USBD_HS_InterfaceStrDescriptor
                         0x800'6a89     0xc  Code  Gb  usbd_desc.o [1]
USBD_HS_LangIDStrDescriptor
                         0x800'6a0d     0x8  Code  Gb  usbd_desc.o [1]
USBD_HS_ManufacturerStrDescriptor
                         0x800'6a21     0xa  Code  Gb  usbd_desc.o [1]
USBD_HS_ProductStrDescriptor
                         0x800'6a15     0xc  Code  Gb  usbd_desc.o [1]
USBD_HS_SerialStrDescriptor
                         0x800'6a35    0x2c  Code  Gb  usbd_desc.o [1]
USBD_Init                0x800'3091    0x2e  Code  Gb  usbd_core.o [1]
USBD_LL_ClearStallEP     0x800'2acf     0xc  Code  Gb  usbd_conf.o [1]
USBD_LL_CloseEP          0x800'2ab7     0xc  Code  Gb  usbd_conf.o [1]
USBD_LL_DataInStage      0x800'31d7    0x9e  Code  Gb  usbd_core.o [1]
USBD_LL_DataOutStage     0x800'3163    0x74  Code  Gb  usbd_core.o [1]
USBD_LL_DevConnected     0x800'3313     0x4  Code  Gb  usbd_core.o [1]
USBD_LL_DevDisconnected
                         0x800'3317    0x1a  Code  Gb  usbd_core.o [1]
USBD_LL_Init             0x800'2a17    0x62  Code  Gb  usbd_conf.o [1]
USBD_LL_IsStallEP        0x800'2adb    0x1e  Code  Gb  usbd_conf.o [1]
USBD_LL_IsoINIncomplete
                         0x800'330b     0x4  Code  Gb  usbd_core.o [1]
USBD_LL_IsoOUTIncomplete
                         0x800'330f     0x4  Code  Gb  usbd_core.o [1]
USBD_LL_OpenEP           0x800'2aa1    0x16  Code  Gb  usbd_conf.o [1]
USBD_LL_PrepareReceive   0x800'2b11     0xc  Code  Gb  usbd_conf.o [1]
USBD_LL_Reset            0x800'3275    0x56  Code  Gb  usbd_core.o [1]
USBD_LL_Resume           0x800'32e1    0x12  Code  Gb  usbd_core.o [1]
USBD_LL_SOF              0x800'32f3    0x18  Code  Gb  usbd_core.o [1]
USBD_LL_SetSpeed         0x800'32cb     0x6  Code  Gb  usbd_core.o [1]
USBD_LL_SetUSBAddress    0x800'2af9     0xc  Code  Gb  usbd_conf.o [1]
USBD_LL_SetupStage       0x800'3107    0x5c  Code  Gb  usbd_core.o [1]
USBD_LL_StallEP          0x800'2ac3     0xc  Code  Gb  usbd_conf.o [1]
USBD_LL_Start            0x800'2a91     0xa  Code  Gb  usbd_conf.o [1]
USBD_LL_Suspend          0x800'32d1    0x10  Code  Gb  usbd_core.o [1]
USBD_LL_Transmit         0x800'2b05     0xc  Code  Gb  usbd_conf.o [1]
USBD_LangIDDesc         0x2000'004c     0x4  Data  Gb  usbd_desc.o [1]
USBD_ParseSetupRequest   0x800'4185    0x2a  Code  Gb  usbd_ctlreq.o [1]
USBD_RegisterClass       0x800'30bf    0x20  Code  Gb  usbd_core.o [1]
USBD_SetClassConfig      0x800'30e3    0x14  Code  Gb  usbd_core.o [1]
USBD_SetConfig           0x800'40df    0x9a  Code  Lc  usbd_ctlreq.o [1]
USBD_SetConfig::cfgidx  0x2000'4ef0     0x1  Data  Lc  usbd_ctlreq.o [1]
USBD_Start               0x800'30df     0x4  Code  Gb  usbd_core.o [1]
USBD_StdDevReq           0x800'3d61    0xfa  Code  Gb  usbd_ctlreq.o [1]
USBD_StdEPReq            0x800'3ea3   0x11c  Code  Gb  usbd_ctlreq.o [1]
USBD_StdItfReq           0x800'3e5b    0x48  Code  Gb  usbd_ctlreq.o [1]
USBD_StrDesc            0x2000'46b8   0x200  Data  Gb  usbd_desc.o [1]
USBD_StringSerial       0x2000'0050    0x1c  Data  Gb  usbd_desc.o [1]
USB_ActivateEndpoint     0x800'1a6d    0x5e  Code  Gb  stm32f4xx_ll_usb.o [1]
USB_ActivateSetup        0x800'1f0f    0x18  Code  Gb  stm32f4xx_ll_usb.o [1]
USB_CoreInit             0x800'174d    0x78  Code  Gb  stm32f4xx_ll_usb.o [1]
USB_CoreReset            0x800'1f6b    0x2a  Code  Lc  stm32f4xx_ll_usb.o [1]
USB_DeactivateEndpoint   0x800'1adb    0x52  Code  Gb  stm32f4xx_ll_usb.o [1]
USB_DevConnect           0x800'1e7f     0xe  Code  Gb  stm32f4xx_ll_usb.o [1]
USB_DevDisconnect        0x800'1e8d     0xc  Code  Gb  stm32f4xx_ll_usb.o [1]
USB_DevInit              0x800'18bb   0x154  Code  Gb  stm32f4xx_ll_usb.o [1]
USB_DisableGlobalInt     0x800'1887     0x6  Code  Gb  stm32f4xx_ll_usb.o [1]
USB_EP0StartXfer         0x800'1cf7    0xc8  Code  Gb  stm32f4xx_ll_usb.o [1]
USB_EP0_OutStart         0x800'1f27    0x44  Code  Gb  stm32f4xx_ll_usb.o [1]
USB_EPClearStall         0x800'1e31    0x32  Code  Gb  stm32f4xx_ll_usb.o [1]
USB_EPSetStall           0x800'1e01    0x30  Code  Gb  stm32f4xx_ll_usb.o [1]
USB_EPStartXfer          0x800'1b9b   0x15c  Code  Gb  stm32f4xx_ll_usb.o [1]
USB_EnableGlobalInt      0x800'187f     0x8  Code  Gb  stm32f4xx_ll_usb.o [1]
USB_FlushRxFifo          0x800'1a2d    0x1a  Code  Gb  stm32f4xx_ll_usb.o [1]
USB_FlushTxFifo          0x800'1a0f    0x1e  Code  Gb  stm32f4xx_ll_usb.o [1]
USB_GetDevSpeed          0x800'1a51    0x1c  Code  Gb  stm32f4xx_ll_usb.o [1]
USB_GetMode              0x800'1f07     0x8  Code  Gb  stm32f4xx_ll_usb.o [1]
USB_ReadDevAllInEpInterrupt
                         0x800'1ebd     0xe  Code  Gb  stm32f4xx_ll_usb.o [1]
USB_ReadDevAllOutEpInterrupt
                         0x800'1eaf     0xe  Code  Gb  stm32f4xx_ll_usb.o [1]
USB_ReadDevInEPInterrupt
                         0x800'1ee1    0x26  Code  Gb  stm32f4xx_ll_usb.o [1]
USB_ReadDevOutEPInterrupt
                         0x800'1ecb    0x16  Code  Gb  stm32f4xx_ll_usb.o [1]
USB_ReadInterrupts       0x800'1ea5     0xa  Code  Gb  stm32f4xx_ll_usb.o [1]
USB_ReadPacket           0x800'1de3    0x1e  Code  Gb  stm32f4xx_ll_usb.o [1]
USB_SetCurrentMode       0x800'1893    0x28  Code  Gb  stm32f4xx_ll_usb.o [1]
USB_SetDevAddress        0x800'1e63    0x16  Code  Gb  stm32f4xx_ll_usb.o [1]
USB_SetDevSpeed          0x800'1a47     0xa  Code  Gb  stm32f4xx_ll_usb.o [1]
USB_SetTurnaroundTime    0x800'17c5    0xba  Code  Gb  stm32f4xx_ll_usb.o [1]
USB_WritePacket          0x800'1dbf    0x24  Code  Gb  stm32f4xx_ll_usb.o [1]
UsageFault_Handler       0x800'6b0d     0x2  Code  Gb  stm32f4xx_it.o [1]
__NVIC_SetPriority       0x800'2ff9    0x1a  Code  Lc  stm32f4xx_hal_cortex.o [1]
__aeabi_d2f              0x800'558d          Code  Gb  DblToFlt.o [3]
__aeabi_dmul             0x800'55f5          Code  Gb  DblMul.o [3]
__aeabi_i2d              0x800'5799          Code  Gb  S32ToDbl.o [3]
__aeabi_ldiv0            0x800'580d          Code  Gb  I64DivZer.o [4]
__aeabi_memclr4          0x800'2ded          Code  Gb  ABImemclr4.o [4]
__aeabi_memcpy4          0x800'2b31          Code  Gb  ABImemcpy.o [4]
__aeabi_memcpy8          0x800'2b31          Code  Gb  ABImemcpy.o [4]
__aeabi_uldivmod         0x800'3af1          Code  Gb  I64DivMod.o [4]
__cmain                  0x800'6bed          Code  Gb  cmain.o [4]
__data_GetMemChunk       0x800'170d    0x2c  Code  Gb  xgetmemchunk.o [2]
__data_GetMemChunk::start
                        0x2000'4eec     0x4  Data  Lc  xgetmemchunk.o [2]
__exit                   0x800'1739    0x14  Code  Gb  exit.o [5]
__iar_Memset4_word       0x800'3d21          Code  Gb  ABImemset48.o [4]
__iar_Memset8_word       0x800'3d21          Code  Gb  ABImemset48.o [4]
__iar_data_init3         0x800'6b81    0x28  Code  Gb  data_init.o [4]
__iar_dlfree             0x800'118b   0x4f6  Code  Gb  dlmalloc.o [2]
__iar_dlmalloc           0x800'0ed5   0x2b6  Code  Gb  dlmalloc.o [2]
__iar_init_vfp           0x800'6ba9          Code  Gb  fpinit_M.o [3]
__iar_lz77_init_single3
                         0x800'1693    0x7a  Code  Gb  lz77_init_single.o [4]
__iar_program_start      0x800'6c49          Code  Gb  cstartup_M.o [4]
__iar_zero_init3         0x800'2027    0x3a  Code  Gb  zero_init3.o [4]
__low_level_init         0x800'6c0b     0x4  Code  Gb  low_level_init.o [2]
__vector_table           0x800'0000          Data  Gb  startup_stm32f429xx.o [1]
_call_main               0x800'6bf9          Code  Gb  cmain.o [4]
_exit                    0x800'6c15          Code  Gb  cexit.o [4]
_gm_                    0x2000'4aa4   0x1d8  Data  Lc  dlmalloc.o [2]
_main                    0x800'6c07          Code  Gb  cmain.o [4]
abort                    0x800'168d     0x6  Code  Gb  abort.o [2]
add_segment              0x800'0575   0x1f2  Code  Lc  dlmalloc.o [2]
defaultTaskHandle       0x2000'4aa0     0x4  Data  Gb  main.o [1]
exit                     0x800'6c0f     0x4  Code  Gb  exit.o [2]
free                     0x800'6a01     0x4  Code  Gb  heaptramp0.o [2]
hUsbDeviceHS            0x2000'4194   0x2d0  Data  Gb  usb_device.o [1]
hcrc                    0x2000'4a98     0x8  Data  Gb  main.o [1]
hdma2d                  0x2000'48b8    0x40  Data  Gb  main.o [1]
hi2c3                   0x2000'4984    0x54  Data  Gb  main.o [1]
hltdc                   0x2000'4c7c    0xa8  Data  Gb  main.o [1]
hpcd_USB_OTG_HS         0x2000'3d8c   0x408  Data  Gb  usbd_conf.o [1]
hsdram1                 0x2000'4950    0x34  Data  Gb  main.o [1]
hspi5                   0x2000'48f8    0x58  Data  Gb  main.o [1]
htim1                   0x2000'4a58    0x40  Data  Gb  main.o [1]
htim6                   0x2000'4e90    0x40  Data  Gb  stm32f4xx_hal_timebase_tim.o [1]
huart1                  0x2000'4a18    0x40  Data  Gb  main.o [1]
huart5                  0x2000'49d8    0x40  Data  Gb  main.o [1]
init_mparams             0x800'01c7    0x32  Code  Lc  dlmalloc.o [2]
init_top                 0x800'01f9    0x36  Code  Lc  dlmalloc.o [2]
jy_acc                  0x2000'4e68     0xc  Data  Gb  main.o [1]
jy_ang_vel              0x2000'4e74     0xc  Data  Gb  main.o [1]
jy_angle                0x2000'4e80     0xc  Data  Gb  main.o [1]
jy_temp                 0x2000'4e8c     0x4  Data  Gb  main.o [1]
main                     0x800'3331   0x1f6  Code  Gb  main.o [1]
makeFreeRtosPriority     0x800'4cbd     0xc  Code  Lc  cmsis_os.o [1]
mparams                 0x2000'4ed0    0x18  Data  Lc  dlmalloc.o [2]
osDelay                  0x800'4d31     0xe  Code  Gb  cmsis_os.o [1]
osKernelStart            0x800'4cc9     0xa  Code  Gb  cmsis_os.o [1]
osThreadCreate           0x800'4cd3    0x5e  Code  Gb  cmsis_os.o [1]
prepend_alloc            0x800'022f   0x346  Code  Lc  dlmalloc.o [2]
prvAddCurrentTaskToDelayedList
                         0x800'6359    0x5e  Code  Lc  tasks.o [1]
prvAddNewTaskToReadyList
                         0x800'5f7d    0xa8  Code  Lc  tasks.o [1]
prvDeleteTCB             0x800'62d7    0x2e  Code  Lc  tasks.o [1]
prvIdleTask              0x800'6295    0x42  Code  Lc  tasks.o [1]
prvInitialiseNewTask     0x800'5f03    0x7a  Code  Lc  tasks.o [1]
prvInsertBlockIntoFreeList
                         0x800'6543    0x46  Code  Lc  heap_4.o [1]
prvResetNextTaskUnblockTime
                         0x800'6305    0x1a  Code  Lc  tasks.o [1]
prvTaskExitError         0x800'664d    0x1c  Code  Lc  port.o [1]
pvPortMalloc             0x800'63dd   0x104  Code  Gb  heap_4.o [1]
pxCurrentTCB            0x2000'4d4c     0x4  Data  Gb  tasks.o [1]
pxDelayedTaskList       0x2000'4d50     0x4  Data  Lc  tasks.o [1]
pxEnd                   0x2000'017c     0x4  Data  Lc  heap_4.o [1]
pxOverflowDelayedTaskList
                        0x2000'4d54     0x4  Data  Lc  tasks.o [1]
pxPortInitialiseStack    0x800'6625    0x26  Code  Gb  port.o [1]
pxReadyTasksLists       0x2000'4dc0    0x8c  Data  Lc  tasks.o [1]
segment_holding          0x800'01ad    0x1a  Code  Lc  dlmalloc.o [2]
sys_alloc                0x800'076d   0x164  Code  Lc  dlmalloc.o [2]
sys_trim                 0x800'08d1    0x64  Code  Lc  dlmalloc.o [2]
temp                    0x2000'4e4c     0xc  Data  Gb  main.o [1]
tmalloc_large            0x800'0941   0x386  Code  Lc  dlmalloc.o [2]
tmalloc_small            0x800'0cc7   0x200  Code  Lc  dlmalloc.o [2]
uart5_buffer            0x2000'4e5c     0xc  Data  Gb  main.o [1]
ucHeap                  0x2000'018c  0x3c00  Data  Lc  heap_4.o [1]
ucMaxSysCallPriority    0x2000'0000     0x1  Data  Lc  port.o [1]
ulMaxPRIGROUPValue      0x2000'0008     0x4  Data  Lc  port.o [1]
uwTick                  0x2000'0010     0x4  Data  Gb  stm32f4xx_hal.o [1]
uwTickFreq              0x2000'000c     0x1  Data  Gb  stm32f4xx_hal.o [1]
uwTickPrio              0x2000'0014     0x4  Data  Gb  stm32f4xx_hal.o [1]
uxCriticalNesting       0x2000'0004     0x4  Data  Lc  port.o [1]
uxCurrentNumberOfTasks  0x2000'4d70     0x4  Data  Lc  tasks.o [1]
uxDeletedTasksWaitingCleanUp
                        0x2000'4d58     0x4  Data  Lc  tasks.o [1]
uxListRemove             0x800'65fd    0x26  Code  Gb  list.o [1]
uxPendedTicks           0x2000'4d80     0x4  Data  Lc  tasks.o [1]
uxSchedulerSuspended    0x2000'4d94     0x4  Data  Lc  tasks.o [1]
uxTaskNumber            0x2000'4d8c     0x4  Data  Lc  tasks.o [1]
uxTopReadyPriority      0x2000'4d78     0x4  Data  Lc  tasks.o [1]
vApplicationGetIdleTaskMemory
                         0x800'67dd    0x14  Code  Gb  freertos.o [1]
vListInitialise          0x800'6591    0x1a  Code  Gb  list.o [1]
vListInitialiseItem      0x800'65ab     0x6  Code  Gb  list.o [1]
vListInsert              0x800'65cb    0x32  Code  Gb  list.o [1]
vListInsertEnd           0x800'65b1    0x1a  Code  Gb  list.o [1]
vPortEnableVFP           0x800'6885          Code  Gb  portasm.o [1]
vPortEnterCritical       0x800'670d    0x32  Code  Gb  port.o [1]
vPortExitCritical        0x800'673f    0x22  Code  Gb  port.o [1]
vPortFree                0x800'64ef    0x46  Code  Gb  heap_4.o [1]
vPortStartFirstTask      0x800'6865          Code  Gb  portasm.o [1]
vTaskDelay               0x800'6025    0x2e  Code  Gb  tasks.o [1]
vTaskStartScheduler      0x800'6059    0x54  Code  Gb  tasks.o [1]
vTaskSuspendAll          0x800'60b5     0xc  Code  Gb  tasks.o [1]
vTaskSwitchContext       0x800'6225    0x52  Code  Gb  tasks.o [1]
xBlockAllocatedBit      0x2000'0188     0x4  Data  Lc  heap_4.o [1]
xDelayedTaskList1       0x2000'4d98    0x14  Data  Lc  tasks.o [1]
xDelayedTaskList2       0x2000'4dac    0x14  Data  Lc  tasks.o [1]
xFreeBytesRemaining     0x2000'0180     0x4  Data  Lc  heap_4.o [1]
xIdleStack              0x2000'44b8   0x200  Data  Lc  freertos.o [1]
xIdleTaskTCBBuffer      0x2000'4464    0x54  Data  Lc  freertos.o [1]
xMinimumEverFreeBytesRemaining
                        0x2000'0184     0x4  Data  Lc  heap_4.o [1]
xNextTaskUnblockTime    0x2000'4d90     0x4  Data  Lc  tasks.o [1]
xNumOfOverflows         0x2000'4d88     0x4  Data  Lc  tasks.o [1]
xPendingReadyList       0x2000'4d24    0x14  Data  Lc  tasks.o [1]
xPortStartScheduler      0x800'6669    0xa4  Code  Gb  port.o [1]
xSchedulerRunning       0x2000'4d7c     0x4  Data  Lc  tasks.o [1]
xStart                  0x2000'0174     0x8  Data  Lc  heap_4.o [1]
xSuspendedTaskList      0x2000'4d5c    0x14  Data  Lc  tasks.o [1]
xTaskCreate              0x800'5ea7    0x5c  Code  Gb  tasks.o [1]
xTaskCreateStatic        0x800'5e49    0x5e  Code  Gb  tasks.o [1]
xTaskIncrementTick       0x800'6169    0xbc  Code  Gb  tasks.o [1]
xTaskResumeAll           0x800'60c1    0x98  Code  Gb  tasks.o [1]
xTasksWaitingTermination
                        0x2000'4d38    0x14  Data  Lc  tasks.o [1]
xTickCount              0x2000'4d74     0x4  Data  Lc  tasks.o [1]
xYieldPending           0x2000'4d84     0x4  Data  Lc  tasks.o [1]


[1] = C:\Users\valdis\CLionProjects\Wired_mouse_prototype\EWARM\Wired_mouse_prototype\Obj
[2] = dl7M_tlf.a
[3] = m7M_tls.a
[4] = rt7M_tl.a
[5] = shb_l.a

  28 004 bytes of readonly  code memory
     304 bytes of readonly  data memory
  21 745 bytes of readwrite data memory

Errors: none
Warnings: none
